[0m12:46:19.972902 [debug] [MainThread]: Sending event: {'category': 'dbt', 'action': 'invocation', 'label': 'start', 'context': [<snowplow_tracker.self_describing_json.SelfDescribingJson object at 0x102b16c10>, <snowplow_tracker.self_describing_json.SelfDescribingJson object at 0x1055aa7d0>, <snowplow_tracker.self_describing_json.SelfDescribingJson object at 0x1055aafd0>]}


============================== 12:46:19.976366 | 324f061e-4f78-4318-b02c-4b7878277170 ==============================
[0m12:46:19.976366 [info ] [MainThread]: Running with dbt=1.10.9
[0m12:46:19.976703 [debug] [MainThread]: running dbt with arguments {'log_format': 'default', 'debug': 'False', 'profiles_dir': '/Users/mudkip/.dbt', 'indirect_selection': 'eager', 'version_check': 'True', 'warn_error': 'None', 'fail_fast': 'False', 'log_path': 'logs', 'static_parser': 'True', 'partial_parse': 'True', 'invocation_command': 'dbt init resale_flat', 'warn_error_options': 'WarnErrorOptionsV2(error=[], warn=[], silence=[])', 'empty': 'None', 'use_experimental_parser': 'False', 'cache_selected_only': 'False', 'printer_width': '80', 'write_json': 'True', 'quiet': 'False', 'introspect': 'True', 'log_cache_events': 'False', 'send_anonymous_usage_stats': 'True', 'target_path': 'None', 'use_colors': 'True', 'no_print': 'None'}
[0m12:46:19.989588 [debug] [MainThread]: Starter project path: /opt/anaconda3/envs/elt/lib/python3.11/site-packages/dbt/include/starter_project
[0m12:46:19.994488 [info ] [MainThread]: 
Your new dbt project "resale_flat" was created!

For more information on how to configure the profiles.yml file,
please consult the dbt documentation here:

  https://docs.getdbt.com/docs/configure-your-profile

One more thing:

Need help? Don't hesitate to reach out to us via GitHub issues or on Slack:

  https://community.getdbt.com/

Happy modeling!

[0m12:46:19.994769 [info ] [MainThread]: Setting up your profile.
[0m12:47:37.541907 [info ] [MainThread]: Profile resale_flat written to /Users/mudkip/.dbt/profiles.yml using target's profile_template.yml and your supplied values. Run 'dbt debug' to validate the connection.
[0m12:47:37.543567 [debug] [MainThread]: Resource report: {"command_name": "init", "command_success": true, "command_wall_clock_time": 77.620926, "process_in_blocks": "0", "process_kernel_time": 2.388372, "process_mem_max_rss": "400392192", "process_out_blocks": "0", "process_user_time": 4.743109}
[0m12:47:37.544678 [debug] [MainThread]: Command `dbt init` succeeded at 12:47:37.544556 after 77.62 seconds
[0m12:47:37.545173 [debug] [MainThread]: Sending event: {'category': 'dbt', 'action': 'invocation', 'label': 'end', 'context': [<snowplow_tracker.self_describing_json.SelfDescribingJson object at 0x100f0bed0>, <snowplow_tracker.self_describing_json.SelfDescribingJson object at 0x105507010>, <snowplow_tracker.self_describing_json.SelfDescribingJson object at 0x101030d10>]}
[0m12:47:37.545643 [debug] [MainThread]: Flushing usage events
[0m12:47:39.007221 [debug] [MainThread]: An error was encountered while trying to flush usage events
